Archive member included to satisfy reference by file (symbol)

C:/avr-gcc/bin/../lib/gcc/avr/14.1.0/../../../../avr/lib/avr5\libm.a(addsf3.o)
                              C:/Users/Brown/Documents/GitHub/avm/interp/build/interp.o (__subsf3)
C:/avr-gcc/bin/../lib/gcc/avr/14.1.0/../../../../avr/lib/avr5\libm.a(addsf3x.o)
                              C:/avr-gcc/bin/../lib/gcc/avr/14.1.0/../../../../avr/lib/avr5\libm.a(addsf3.o) (__addsf3x)
C:/avr-gcc/bin/../lib/gcc/avr/14.1.0/../../../../avr/lib/avr5\libm.a(divsf3.o)
                              C:/Users/Brown/Documents/GitHub/avm/interp/build/interp.o (__divsf3)
C:/avr-gcc/bin/../lib/gcc/avr/14.1.0/../../../../avr/lib/avr5\libm.a(divsf3x.o)
                              C:/avr-gcc/bin/../lib/gcc/avr/14.1.0/../../../../avr/lib/avr5\libm.a(divsf3.o) (__divsf3x)
C:/avr-gcc/bin/../lib/gcc/avr/14.1.0/../../../../avr/lib/avr5\libm.a(fixsfsi.o)
                              C:/Users/Brown/Documents/GitHub/avm/interp/build/interp.o (__fixsfsi)
C:/avr-gcc/bin/../lib/gcc/avr/14.1.0/../../../../avr/lib/avr5\libm.a(fixunssfsi.o)
                              C:/Users/Brown/Documents/GitHub/avm/interp/build/interp.o (__fixunssfsi)
C:/avr-gcc/bin/../lib/gcc/avr/14.1.0/../../../../avr/lib/avr5\libm.a(floatsisf.o)
                              C:/Users/Brown/Documents/GitHub/avm/interp/build/interp.o (__floatunsisf)
C:/avr-gcc/bin/../lib/gcc/avr/14.1.0/../../../../avr/lib/avr5\libm.a(floor.o)
                              C:/Users/Brown/Documents/GitHub/avm/interp/build/interp.o (floorf)
C:/avr-gcc/bin/../lib/gcc/avr/14.1.0/../../../../avr/lib/avr5\libm.a(fmin.o)
                              C:/Users/Brown/Documents/GitHub/avm/interp/build/interp.o (fminf)
C:/avr-gcc/bin/../lib/gcc/avr/14.1.0/../../../../avr/lib/avr5\libm.a(fp_cmp.o)
                              C:/Users/Brown/Documents/GitHub/avm/interp/build/interp.o (__fp_cmp)
C:/avr-gcc/bin/../lib/gcc/avr/14.1.0/../../../../avr/lib/avr5\libm.a(fp_inf.o)
                              C:/avr-gcc/bin/../lib/gcc/avr/14.1.0/../../../../avr/lib/avr5\libm.a(addsf3x.o) (__fp_inf)
C:/avr-gcc/bin/../lib/gcc/avr/14.1.0/../../../../avr/lib/avr5\libm.a(fp_mintl.o)
                              C:/avr-gcc/bin/../lib/gcc/avr/14.1.0/../../../../avr/lib/avr5\libm.a(floor.o) (__fp_mintl)
C:/avr-gcc/bin/../lib/gcc/avr/14.1.0/../../../../avr/lib/avr5\libm.a(fp_mpack.o)
                              C:/avr-gcc/bin/../lib/gcc/avr/14.1.0/../../../../avr/lib/avr5\libm.a(floor.o) (__fp_mpack)
C:/avr-gcc/bin/../lib/gcc/avr/14.1.0/../../../../avr/lib/avr5\libm.a(fp_nan.o)
                              C:/avr-gcc/bin/../lib/gcc/avr/14.1.0/../../../../avr/lib/avr5\libm.a(addsf3x.o) (__fp_nan)
C:/avr-gcc/bin/../lib/gcc/avr/14.1.0/../../../../avr/lib/avr5\libm.a(fp_pscA.o)
                              C:/avr-gcc/bin/../lib/gcc/avr/14.1.0/../../../../avr/lib/avr5\libm.a(addsf3x.o) (__fp_pscA)
C:/avr-gcc/bin/../lib/gcc/avr/14.1.0/../../../../avr/lib/avr5\libm.a(fp_pscB.o)
                              C:/avr-gcc/bin/../lib/gcc/avr/14.1.0/../../../../avr/lib/avr5\libm.a(addsf3x.o) (__fp_pscB)
C:/avr-gcc/bin/../lib/gcc/avr/14.1.0/../../../../avr/lib/avr5\libm.a(fp_round.o)
                              C:/avr-gcc/bin/../lib/gcc/avr/14.1.0/../../../../avr/lib/avr5\libm.a(addsf3.o) (__fp_round)
C:/avr-gcc/bin/../lib/gcc/avr/14.1.0/../../../../avr/lib/avr5\libm.a(fp_split3.o)
                              C:/avr-gcc/bin/../lib/gcc/avr/14.1.0/../../../../avr/lib/avr5\libm.a(addsf3x.o) (__fp_split3)
C:/avr-gcc/bin/../lib/gcc/avr/14.1.0/../../../../avr/lib/avr5\libm.a(fp_trunc.o)
                              C:/avr-gcc/bin/../lib/gcc/avr/14.1.0/../../../../avr/lib/avr5\libm.a(floor.o) (__fp_trunc)
C:/avr-gcc/bin/../lib/gcc/avr/14.1.0/../../../../avr/lib/avr5\libm.a(fp_zero.o)
                              C:/avr-gcc/bin/../lib/gcc/avr/14.1.0/../../../../avr/lib/avr5\libm.a(addsf3x.o) (__fp_zero)
C:/avr-gcc/bin/../lib/gcc/avr/14.1.0/../../../../avr/lib/avr5\libm.a(mulsf3.o)
                              C:/Users/Brown/Documents/GitHub/avm/interp/build/interp.o (__mulsf3)
C:/avr-gcc/bin/../lib/gcc/avr/14.1.0/../../../../avr/lib/avr5\libm.a(mulsf3x.o)
                              C:/avr-gcc/bin/../lib/gcc/avr/14.1.0/../../../../avr/lib/avr5\libm.a(mulsf3.o) (__mulsf3x)
C:/avr-gcc/bin/../lib/gcc/avr/14.1.0/../../../../avr/lib/avr5\libm.a(round.o)
                              C:/Users/Brown/Documents/GitHub/avm/interp/build/interp.o (roundf)
C:/avr-gcc/bin/../lib/gcc/avr/14.1.0/../../../../avr/lib/avr5\libm.a(sqrt.o)
                              C:/Users/Brown/Documents/GitHub/avm/interp/build/interp.o (sqrtf)
C:/avr-gcc/bin/../lib/gcc/avr/14.1.0/../../../../avr/lib/avr5\libm.a(trunc.o)
                              C:/Users/Brown/Documents/GitHub/avm/interp/build/interp.o (truncf)
C:/avr-gcc/bin/../lib/gcc/avr/14.1.0/../../../../avr/lib/avr5\libm.a(fp_norm2.o)
                              C:/avr-gcc/bin/../lib/gcc/avr/14.1.0/../../../../avr/lib/avr5\libm.a(sqrt.o) (__fp_norm2)

Discarded input sections

 .data          0x00000000        0x0 C:/Users/Brown/Documents/GitHub/avm/interp/build/interp.o
 .bss           0x00000000        0x0 C:/Users/Brown/Documents/GitHub/avm/interp/build/interp.o
 .avr.prop      0x00000000       0x1b C:/Users/Brown/Documents/GitHub/avm/interp/build/interp.o
 .text          0x00000000        0x0 C:/avr-gcc/bin/../lib/gcc/avr/14.1.0/../../../../avr/lib/avr5\libm.a(addsf3.o)
 .data          0x00000000        0x0 C:/avr-gcc/bin/../lib/gcc/avr/14.1.0/../../../../avr/lib/avr5\libm.a(addsf3.o)
 .bss           0x00000000        0x0 C:/avr-gcc/bin/../lib/gcc/avr/14.1.0/../../../../avr/lib/avr5\libm.a(addsf3.o)
 .text          0x00000000        0x0 C:/avr-gcc/bin/../lib/gcc/avr/14.1.0/../../../../avr/lib/avr5\libm.a(addsf3x.o)
 .data          0x00000000        0x0 C:/avr-gcc/bin/../lib/gcc/avr/14.1.0/../../../../avr/lib/avr5\libm.a(addsf3x.o)
 .bss           0x00000000        0x0 C:/avr-gcc/bin/../lib/gcc/avr/14.1.0/../../../../avr/lib/avr5\libm.a(addsf3x.o)
 .text          0x00000000        0x0 C:/avr-gcc/bin/../lib/gcc/avr/14.1.0/../../../../avr/lib/avr5\libm.a(divsf3.o)
 .data          0x00000000        0x0 C:/avr-gcc/bin/../lib/gcc/avr/14.1.0/../../../../avr/lib/avr5\libm.a(divsf3.o)
 .bss           0x00000000        0x0 C:/avr-gcc/bin/../lib/gcc/avr/14.1.0/../../../../avr/lib/avr5\libm.a(divsf3.o)
 .text          0x00000000        0x0 C:/avr-gcc/bin/../lib/gcc/avr/14.1.0/../../../../avr/lib/avr5\libm.a(divsf3x.o)
 .data          0x00000000        0x0 C:/avr-gcc/bin/../lib/gcc/avr/14.1.0/../../../../avr/lib/avr5\libm.a(divsf3x.o)
 .bss           0x00000000        0x0 C:/avr-gcc/bin/../lib/gcc/avr/14.1.0/../../../../avr/lib/avr5\libm.a(divsf3x.o)
 .text          0x00000000        0x0 C:/avr-gcc/bin/../lib/gcc/avr/14.1.0/../../../../avr/lib/avr5\libm.a(fixsfsi.o)
 .data          0x00000000        0x0 C:/avr-gcc/bin/../lib/gcc/avr/14.1.0/../../../../avr/lib/avr5\libm.a(fixsfsi.o)
 .bss           0x00000000        0x0 C:/avr-gcc/bin/../lib/gcc/avr/14.1.0/../../../../avr/lib/avr5\libm.a(fixsfsi.o)
 .text          0x00000000        0x0 C:/avr-gcc/bin/../lib/gcc/avr/14.1.0/../../../../avr/lib/avr5\libm.a(fixunssfsi.o)
 .data          0x00000000        0x0 C:/avr-gcc/bin/../lib/gcc/avr/14.1.0/../../../../avr/lib/avr5\libm.a(fixunssfsi.o)
 .bss           0x00000000        0x0 C:/avr-gcc/bin/../lib/gcc/avr/14.1.0/../../../../avr/lib/avr5\libm.a(fixunssfsi.o)
 .text          0x00000000        0x0 C:/avr-gcc/bin/../lib/gcc/avr/14.1.0/../../../../avr/lib/avr5\libm.a(floatsisf.o)
 .data          0x00000000        0x0 C:/avr-gcc/bin/../lib/gcc/avr/14.1.0/../../../../avr/lib/avr5\libm.a(floatsisf.o)
 .bss           0x00000000        0x0 C:/avr-gcc/bin/../lib/gcc/avr/14.1.0/../../../../avr/lib/avr5\libm.a(floatsisf.o)
 .text          0x00000000        0x0 C:/avr-gcc/bin/../lib/gcc/avr/14.1.0/../../../../avr/lib/avr5\libm.a(floor.o)
 .data          0x00000000        0x0 C:/avr-gcc/bin/../lib/gcc/avr/14.1.0/../../../../avr/lib/avr5\libm.a(floor.o)
 .bss           0x00000000        0x0 C:/avr-gcc/bin/../lib/gcc/avr/14.1.0/../../../../avr/lib/avr5\libm.a(floor.o)
 .text          0x00000000        0x0 C:/avr-gcc/bin/../lib/gcc/avr/14.1.0/../../../../avr/lib/avr5\libm.a(fmin.o)
 .data          0x00000000        0x0 C:/avr-gcc/bin/../lib/gcc/avr/14.1.0/../../../../avr/lib/avr5\libm.a(fmin.o)
 .bss           0x00000000        0x0 C:/avr-gcc/bin/../lib/gcc/avr/14.1.0/../../../../avr/lib/avr5\libm.a(fmin.o)
 .text          0x00000000        0x0 C:/avr-gcc/bin/../lib/gcc/avr/14.1.0/../../../../avr/lib/avr5\libm.a(fp_cmp.o)
 .data          0x00000000        0x0 C:/avr-gcc/bin/../lib/gcc/avr/14.1.0/../../../../avr/lib/avr5\libm.a(fp_cmp.o)
 .bss           0x00000000        0x0 C:/avr-gcc/bin/../lib/gcc/avr/14.1.0/../../../../avr/lib/avr5\libm.a(fp_cmp.o)
 .text          0x00000000        0x0 C:/avr-gcc/bin/../lib/gcc/avr/14.1.0/../../../../avr/lib/avr5\libm.a(fp_inf.o)
 .data          0x00000000        0x0 C:/avr-gcc/bin/../lib/gcc/avr/14.1.0/../../../../avr/lib/avr5\libm.a(fp_inf.o)
 .bss           0x00000000        0x0 C:/avr-gcc/bin/../lib/gcc/avr/14.1.0/../../../../avr/lib/avr5\libm.a(fp_inf.o)
 .text          0x00000000        0x0 C:/avr-gcc/bin/../lib/gcc/avr/14.1.0/../../../../avr/lib/avr5\libm.a(fp_mintl.o)
 .data          0x00000000        0x0 C:/avr-gcc/bin/../lib/gcc/avr/14.1.0/../../../../avr/lib/avr5\libm.a(fp_mintl.o)
 .bss           0x00000000        0x0 C:/avr-gcc/bin/../lib/gcc/avr/14.1.0/../../../../avr/lib/avr5\libm.a(fp_mintl.o)
 .text          0x00000000        0x0 C:/avr-gcc/bin/../lib/gcc/avr/14.1.0/../../../../avr/lib/avr5\libm.a(fp_mpack.o)
 .data          0x00000000        0x0 C:/avr-gcc/bin/../lib/gcc/avr/14.1.0/../../../../avr/lib/avr5\libm.a(fp_mpack.o)
 .bss           0x00000000        0x0 C:/avr-gcc/bin/../lib/gcc/avr/14.1.0/../../../../avr/lib/avr5\libm.a(fp_mpack.o)
 .text          0x00000000        0x0 C:/avr-gcc/bin/../lib/gcc/avr/14.1.0/../../../../avr/lib/avr5\libm.a(fp_nan.o)
 .data          0x00000000        0x0 C:/avr-gcc/bin/../lib/gcc/avr/14.1.0/../../../../avr/lib/avr5\libm.a(fp_nan.o)
 .bss           0x00000000        0x0 C:/avr-gcc/bin/../lib/gcc/avr/14.1.0/../../../../avr/lib/avr5\libm.a(fp_nan.o)
 .text          0x00000000        0x0 C:/avr-gcc/bin/../lib/gcc/avr/14.1.0/../../../../avr/lib/avr5\libm.a(fp_pscA.o)
 .data          0x00000000        0x0 C:/avr-gcc/bin/../lib/gcc/avr/14.1.0/../../../../avr/lib/avr5\libm.a(fp_pscA.o)
 .bss           0x00000000        0x0 C:/avr-gcc/bin/../lib/gcc/avr/14.1.0/../../../../avr/lib/avr5\libm.a(fp_pscA.o)
 .text          0x00000000        0x0 C:/avr-gcc/bin/../lib/gcc/avr/14.1.0/../../../../avr/lib/avr5\libm.a(fp_pscB.o)
 .data          0x00000000        0x0 C:/avr-gcc/bin/../lib/gcc/avr/14.1.0/../../../../avr/lib/avr5\libm.a(fp_pscB.o)
 .bss           0x00000000        0x0 C:/avr-gcc/bin/../lib/gcc/avr/14.1.0/../../../../avr/lib/avr5\libm.a(fp_pscB.o)
 .text          0x00000000        0x0 C:/avr-gcc/bin/../lib/gcc/avr/14.1.0/../../../../avr/lib/avr5\libm.a(fp_round.o)
 .data          0x00000000        0x0 C:/avr-gcc/bin/../lib/gcc/avr/14.1.0/../../../../avr/lib/avr5\libm.a(fp_round.o)
 .bss           0x00000000        0x0 C:/avr-gcc/bin/../lib/gcc/avr/14.1.0/../../../../avr/lib/avr5\libm.a(fp_round.o)
 .text          0x00000000        0x0 C:/avr-gcc/bin/../lib/gcc/avr/14.1.0/../../../../avr/lib/avr5\libm.a(fp_split3.o)
 .data          0x00000000        0x0 C:/avr-gcc/bin/../lib/gcc/avr/14.1.0/../../../../avr/lib/avr5\libm.a(fp_split3.o)
 .bss           0x00000000        0x0 C:/avr-gcc/bin/../lib/gcc/avr/14.1.0/../../../../avr/lib/avr5\libm.a(fp_split3.o)
 .text          0x00000000        0x0 C:/avr-gcc/bin/../lib/gcc/avr/14.1.0/../../../../avr/lib/avr5\libm.a(fp_trunc.o)
 .data          0x00000000        0x0 C:/avr-gcc/bin/../lib/gcc/avr/14.1.0/../../../../avr/lib/avr5\libm.a(fp_trunc.o)
 .bss           0x00000000        0x0 C:/avr-gcc/bin/../lib/gcc/avr/14.1.0/../../../../avr/lib/avr5\libm.a(fp_trunc.o)
 .text          0x00000000        0x0 C:/avr-gcc/bin/../lib/gcc/avr/14.1.0/../../../../avr/lib/avr5\libm.a(fp_zero.o)
 .data          0x00000000        0x0 C:/avr-gcc/bin/../lib/gcc/avr/14.1.0/../../../../avr/lib/avr5\libm.a(fp_zero.o)
 .bss           0x00000000        0x0 C:/avr-gcc/bin/../lib/gcc/avr/14.1.0/../../../../avr/lib/avr5\libm.a(fp_zero.o)
 .text          0x00000000        0x0 C:/avr-gcc/bin/../lib/gcc/avr/14.1.0/../../../../avr/lib/avr5\libm.a(mulsf3.o)
 .data          0x00000000        0x0 C:/avr-gcc/bin/../lib/gcc/avr/14.1.0/../../../../avr/lib/avr5\libm.a(mulsf3.o)
 .bss           0x00000000        0x0 C:/avr-gcc/bin/../lib/gcc/avr/14.1.0/../../../../avr/lib/avr5\libm.a(mulsf3.o)
 .text          0x00000000        0x0 C:/avr-gcc/bin/../lib/gcc/avr/14.1.0/../../../../avr/lib/avr5\libm.a(mulsf3x.o)
 .data          0x00000000        0x0 C:/avr-gcc/bin/../lib/gcc/avr/14.1.0/../../../../avr/lib/avr5\libm.a(mulsf3x.o)
 .bss           0x00000000        0x0 C:/avr-gcc/bin/../lib/gcc/avr/14.1.0/../../../../avr/lib/avr5\libm.a(mulsf3x.o)
 .text          0x00000000        0x0 C:/avr-gcc/bin/../lib/gcc/avr/14.1.0/../../../../avr/lib/avr5\libm.a(round.o)
 .data          0x00000000        0x0 C:/avr-gcc/bin/../lib/gcc/avr/14.1.0/../../../../avr/lib/avr5\libm.a(round.o)
 .bss           0x00000000        0x0 C:/avr-gcc/bin/../lib/gcc/avr/14.1.0/../../../../avr/lib/avr5\libm.a(round.o)
 .text          0x00000000        0x0 C:/avr-gcc/bin/../lib/gcc/avr/14.1.0/../../../../avr/lib/avr5\libm.a(sqrt.o)
 .data          0x00000000        0x0 C:/avr-gcc/bin/../lib/gcc/avr/14.1.0/../../../../avr/lib/avr5\libm.a(sqrt.o)
 .bss           0x00000000        0x0 C:/avr-gcc/bin/../lib/gcc/avr/14.1.0/../../../../avr/lib/avr5\libm.a(sqrt.o)
 .text          0x00000000        0x0 C:/avr-gcc/bin/../lib/gcc/avr/14.1.0/../../../../avr/lib/avr5\libm.a(trunc.o)
 .data          0x00000000        0x0 C:/avr-gcc/bin/../lib/gcc/avr/14.1.0/../../../../avr/lib/avr5\libm.a(trunc.o)
 .bss           0x00000000        0x0 C:/avr-gcc/bin/../lib/gcc/avr/14.1.0/../../../../avr/lib/avr5\libm.a(trunc.o)
 .text          0x00000000        0x0 C:/avr-gcc/bin/../lib/gcc/avr/14.1.0/../../../../avr/lib/avr5\libm.a(fp_norm2.o)
 .data          0x00000000        0x0 C:/avr-gcc/bin/../lib/gcc/avr/14.1.0/../../../../avr/lib/avr5\libm.a(fp_norm2.o)
 .bss           0x00000000        0x0 C:/avr-gcc/bin/../lib/gcc/avr/14.1.0/../../../../avr/lib/avr5\libm.a(fp_norm2.o)

Memory Configuration

Name             Origin             Length             Attributes
text             0x00000000         0x00020000         xr
data             0x00800060         0x0000ffa0         rw!x
eeprom           0x00810000         0x00010000         rw!x
fuse             0x00820000         0x00000400         rw!x
lock             0x00830000         0x00000400         rw!x
signature        0x00840000         0x00000400         rw!x
user_signatures  0x00850000         0x00000400         rw!x
*default*        0x00000000         0xffffffff

Linker script and memory map

Address of section .data set to 0x800100
Address of section .text set to 0x0
Address of section .data set to 0x800a0b
LOAD C:/Users/Brown/Documents/GitHub/avm/interp/build/interp.o
LOAD C:/avr-gcc/bin/../lib/gcc/avr/14.1.0/../../../../avr/lib/avr5\libm.a
START GROUP
LOAD C:/avr-gcc/bin/../lib/gcc/avr/14.1.0/avr5\libgcc.a
LOAD C:/avr-gcc/bin/../lib/gcc/avr/14.1.0/../../../../avr/lib/avr5\libm.a
LOAD C:/avr-gcc/bin/../lib/gcc/avr/14.1.0/../../../../avr/lib/avr5\libc.a
LOAD C:/avr-gcc/bin/../lib/gcc/avr/14.1.0/../../../../avr/lib/avr5\libatmega32u4.a
END GROUP
                0x00000000                        __TEXT_REGION_ORIGIN__ = DEFINED (__TEXT_REGION_ORIGIN__)?__TEXT_REGION_ORIGIN__:0x0
                0x00020000                        __TEXT_REGION_LENGTH__ = DEFINED (__TEXT_REGION_LENGTH__)?__TEXT_REGION_LENGTH__:0x20000
                0x00800060                        __DATA_REGION_ORIGIN__ = DEFINED (__DATA_REGION_ORIGIN__)?__DATA_REGION_ORIGIN__:0x800060
                0x0000ffa0                        __DATA_REGION_LENGTH__ = DEFINED (__DATA_REGION_LENGTH__)?__DATA_REGION_LENGTH__:0xffa0
                0x00010000                        __EEPROM_REGION_LENGTH__ = DEFINED (__EEPROM_REGION_LENGTH__)?__EEPROM_REGION_LENGTH__:0x10000
                0x00000400                        __FUSE_REGION_LENGTH__ = DEFINED (__FUSE_REGION_LENGTH__)?__FUSE_REGION_LENGTH__:0x400
                0x00000400                        __LOCK_REGION_LENGTH__ = DEFINED (__LOCK_REGION_LENGTH__)?__LOCK_REGION_LENGTH__:0x400
                0x00000400                        __SIGNATURE_REGION_LENGTH__ = DEFINED (__SIGNATURE_REGION_LENGTH__)?__SIGNATURE_REGION_LENGTH__:0x400
                0x00000400                        __USER_SIGNATURE_REGION_LENGTH__ = DEFINED (__USER_SIGNATURE_REGION_LENGTH__)?__USER_SIGNATURE_REGION_LENGTH__:0x400

.hash
 *(.hash)

.dynsym
 *(.dynsym)

.dynstr
 *(.dynstr)

.gnu.version
 *(.gnu.version)

.gnu.version_d
 *(.gnu.version_d)

.gnu.version_r
 *(.gnu.version_r)

.rel.init
 *(.rel.init)

.rela.init
 *(.rela.init)

.rel.text
 *(.rel.text)
 *(.rel.text.*)
 *(.rel.gnu.linkonce.t*)

.rela.text
 *(.rela.text)
 *(.rela.text.*)
 *(.rela.gnu.linkonce.t*)

.rel.fini
 *(.rel.fini)

.rela.fini
 *(.rela.fini)

.rel.rodata
 *(.rel.rodata)
 *(.rel.rodata.*)
 *(.rel.gnu.linkonce.r*)

.rela.rodata
 *(.rela.rodata)
 *(.rela.rodata.*)
 *(.rela.gnu.linkonce.r*)

.rel.data
 *(.rel.data)
 *(.rel.data.*)
 *(.rel.gnu.linkonce.d*)

.rela.data
 *(.rela.data)
 *(.rela.data.*)
 *(.rela.gnu.linkonce.d*)

.rel.ctors
 *(.rel.ctors)

.rela.ctors
 *(.rela.ctors)

.rel.dtors
 *(.rel.dtors)

.rela.dtors
 *(.rela.dtors)

.rel.got
 *(.rel.got)

.rela.got
 *(.rela.got)

.rel.bss
 *(.rel.bss)

.rela.bss
 *(.rela.bss)

.rel.plt
 *(.rel.plt)

.rela.plt
 *(.rela.plt)

.text           0x00000000     0x3f4e
 *(.vectors)
 *(.vectors)
 *(.progmem.gcc*)
                0x00000000                        . = ALIGN (0x2)
                0x00000000                        __trampolines_start = .
 *(.trampolines)
 .trampolines   0x00000000        0x0 linker stubs
 *(.trampolines*)
                0x00000000                        __trampolines_end = .
 *libprintf_flt.a:*(.progmem.data)
 *libc.a:*(.progmem.data)
 *(.progmem.*)
                0x00000000                        . = ALIGN (0x2)
 *(.lowtext)
 *(.lowtext*)
                0x00000000                        __ctors_start = .
 *(.ctors)
                0x00000000                        __ctors_end = .
                0x00000000                        __dtors_start = .
 *(.dtors)
                0x00000000                        __dtors_end = .
 SORT_BY_NAME(*)(.ctors)
 SORT_BY_NAME(*)(.dtors)
 *(.init0)
 *(.init0)
 *(.init1)
 *(.init1)
 *(.init2)
 *(.init2)
 *(.init3)
 *(.init3)
 *(.init4)
 *(.init4)
 *(.init5)
 *(.init5)
 *(.init6)
 *(.init6)
 *(.init7)
 *(.init7)
 *(.init8)
 *(.init8)
 *(.init9)
 *(.init9)
 *(.text)
 .text          0x00000000     0x3900 C:/Users/Brown/Documents/GitHub/avm/interp/build/interp.o
                0x00000000                __vectors
                0x00000200                abvm_interp
                0x00000200                primary_table
                0x00003900                        . = ALIGN (0x2)
 *(.text.*)
 .text.avr-libc.fplib
                0x00003900        0xe C:/avr-gcc/bin/../lib/gcc/avr/14.1.0/../../../../avr/lib/avr5\libm.a(addsf3.o)
                0x00003900                __subsf3
                0x00003902                __addsf3
 .text.avr-libc.fplib
                0x0000390e       0xcc C:/avr-gcc/bin/../lib/gcc/avr/14.1.0/../../../../avr/lib/avr5\libm.a(addsf3x.o)
                0x00003930                __addsf3x
 .text.avr-libc.fplib
                0x000039da        0x8 C:/avr-gcc/bin/../lib/gcc/avr/14.1.0/../../../../avr/lib/avr5\libm.a(divsf3.o)
                0x000039da                __divsf3
 .text.avr-libc.fplib
                0x000039e2       0xdc C:/avr-gcc/bin/../lib/gcc/avr/14.1.0/../../../../avr/lib/avr5\libm.a(divsf3x.o)
                0x00003a02                __divsf3x
                0x00003a08                __divsf3_pse
 .text.avr-libc.fplib
                0x00003abe        0xe C:/avr-gcc/bin/../lib/gcc/avr/14.1.0/../../../../avr/lib/avr5\libm.a(fixsfsi.o)
                0x00003abe                __fixsfsi
 .text.avr-libc.fplib
                0x00003acc       0x5e C:/avr-gcc/bin/../lib/gcc/avr/14.1.0/../../../../avr/lib/avr5\libm.a(fixunssfsi.o)
                0x00003acc                __fixunssfsi
 .text.avr-libc.fplib
                0x00003b2a       0x7a C:/avr-gcc/bin/../lib/gcc/avr/14.1.0/../../../../avr/lib/avr5\libm.a(floatsisf.o)
                0x00003b2a                __floatunsisf
                0x00003b2e                __floatsisf
 .text.avr-libc.fplib
                0x00003ba4       0x2e C:/avr-gcc/bin/../lib/gcc/avr/14.1.0/../../../../avr/lib/avr5\libm.a(floor.o)
                0x00003ba4                floorf
                0x00003ba4                floor
 .text.avr-libc.fplib
                0x00003bd2       0x3e C:/avr-gcc/bin/../lib/gcc/avr/14.1.0/../../../../avr/lib/avr5\libm.a(fmin.o)
                0x00003bd2                fminf
                0x00003bd2                fmin
 .text.avr-libc.fplib
                0x00003c10       0x48 C:/avr-gcc/bin/../lib/gcc/avr/14.1.0/../../../../avr/lib/avr5\libm.a(fp_cmp.o)
                0x00003c10                __fp_cmp
 .text.avr-libc.fplib
                0x00003c58        0xc C:/avr-gcc/bin/../lib/gcc/avr/14.1.0/../../../../avr/lib/avr5\libm.a(fp_inf.o)
                0x00003c58                __fp_inf
 .text.avr-libc.fplib
                0x00003c64       0x36 C:/avr-gcc/bin/../lib/gcc/avr/14.1.0/../../../../avr/lib/avr5\libm.a(fp_mintl.o)
                0x00003c64                __fp_mintl
 .text.avr-libc.fplib
                0x00003c9a       0x1c C:/avr-gcc/bin/../lib/gcc/avr/14.1.0/../../../../avr/lib/avr5\libm.a(fp_mpack.o)
                0x00003c9a                __fp_mpack
                0x00003c9e                __fp_mpack_finite
 .text.avr-libc.fplib
                0x00003cb6        0x6 C:/avr-gcc/bin/../lib/gcc/avr/14.1.0/../../../../avr/lib/avr5\libm.a(fp_nan.o)
                0x00003cb6                __fp_nan
 .text.avr-libc.fplib
                0x00003cbc        0xe C:/avr-gcc/bin/../lib/gcc/avr/14.1.0/../../../../avr/lib/avr5\libm.a(fp_pscA.o)
                0x00003cbc                __fp_pscA
 .text.avr-libc.fplib
                0x00003cca        0xe C:/avr-gcc/bin/../lib/gcc/avr/14.1.0/../../../../avr/lib/avr5\libm.a(fp_pscB.o)
                0x00003cca                __fp_pscB
 .text.avr-libc.fplib
                0x00003cd8       0x22 C:/avr-gcc/bin/../lib/gcc/avr/14.1.0/../../../../avr/lib/avr5\libm.a(fp_round.o)
                0x00003cd8                __fp_round
 .text.avr-libc.fplib
                0x00003cfa       0x44 C:/avr-gcc/bin/../lib/gcc/avr/14.1.0/../../../../avr/lib/avr5\libm.a(fp_split3.o)
                0x00003cfa                __fp_split3
                0x00003d0a                __fp_splitA
 .text.avr-libc.fplib
                0x00003d3e       0x30 C:/avr-gcc/bin/../lib/gcc/avr/14.1.0/../../../../avr/lib/avr5\libm.a(fp_trunc.o)
                0x00003d3e                __fp_trunc
 .text.avr-libc.fplib
                0x00003d6e        0xe C:/avr-gcc/bin/../lib/gcc/avr/14.1.0/../../../../avr/lib/avr5\libm.a(fp_zero.o)
                0x00003d6e                __fp_zero
                0x00003d70                __fp_szero
 .text.avr-libc.fplib
                0x00003d7c        0x8 C:/avr-gcc/bin/../lib/gcc/avr/14.1.0/../../../../avr/lib/avr5\libm.a(mulsf3.o)
                0x00003d7c                __mulsf3
 .text.avr-libc.fplib
                0x00003d84       0xd2 C:/avr-gcc/bin/../lib/gcc/avr/14.1.0/../../../../avr/lib/avr5\libm.a(mulsf3x.o)
                0x00003da2                __mulsf3x
                0x00003da8                __mulsf3_pse
 .text.avr-libc.fplib
                0x00003e56       0x48 C:/avr-gcc/bin/../lib/gcc/avr/14.1.0/../../../../avr/lib/avr5\libm.a(round.o)
                0x00003e56                roundf
                0x00003e56                round
 .text.avr-libc.fplib
                0x00003e9e       0x8c C:/avr-gcc/bin/../lib/gcc/avr/14.1.0/../../../../avr/lib/avr5\libm.a(sqrt.o)
                0x00003eaa                sqrtf
                0x00003eaa                sqrt
 .text.avr-libc.fplib
                0x00003f2a       0x16 C:/avr-gcc/bin/../lib/gcc/avr/14.1.0/../../../../avr/lib/avr5\libm.a(trunc.o)
                0x00003f2a                trunc
                0x00003f2a                truncf
 .text.avr-libc.fplib
                0x00003f40        0xe C:/avr-gcc/bin/../lib/gcc/avr/14.1.0/../../../../avr/lib/avr5\libm.a(fp_norm2.o)
                0x00003f40                __fp_norm2
                0x00003f4e                        . = ALIGN (0x2)
 *(.fini9)
 *(.fini9)
 *(.fini8)
 *(.fini8)
 *(.fini7)
 *(.fini7)
 *(.fini6)
 *(.fini6)
 *(.fini5)
 *(.fini5)
 *(.fini4)
 *(.fini4)
 *(.fini3)
 *(.fini3)
 *(.fini2)
 *(.fini2)
 *(.fini1)
 *(.fini1)
 *(.fini0)
 *(.fini0)
 *(.hightext)
 *(.hightext*)
 *(.progmemx.*)
                0x00003f4e                        . = ALIGN (0x2)
 *(.jumptables)
 *(.jumptables*)
                0x00003f4e                        _etext = .

.data           0x00800a0b        0x1 load address 0x00003f4e
                [!provide]                        PROVIDE (__data_start = .)
 *(.data)
 *(.data*)
 *(.gnu.linkonce.d*)
 *(.rodata)
 *(.rodata*)
 *(.gnu.linkonce.r*)
                0x00800a0c                        . = ALIGN (0x2)
 *fill*         0x00800a0b        0x1 
                0x00800a0c                        _edata = .
                [!provide]                        PROVIDE (__data_end = .)

.bss            0x00800a0c        0x0
                [!provide]                        PROVIDE (__bss_start = .)
 *(.bss)
 *(.bss*)
 *(COMMON)
                [!provide]                        PROVIDE (__bss_end = .)
                0x00003f4e                        __data_load_start = LOADADDR (.data)
                0x00003f4f                        __data_load_end = (__data_load_start + SIZEOF (.data))

.noinit         0x00800a0c        0x0
                [!provide]                        PROVIDE (__noinit_start = .)
 *(.noinit .noinit.* .gnu.linkonce.n.*)
                [!provide]                        PROVIDE (__noinit_end = .)
                0x00800a0c                        _end = .
                [!provide]                        PROVIDE (__heap_start = .)
                [!provide]                        PROVIDE (__flmap_init_label = DEFINED (__flmap_noinit_start)?__flmap_noinit_start:0x0)
                [!provide]                        PROVIDE (__flmap = DEFINED (__flmap)?__flmap:0x0)

.eeprom         0x00810000        0x0
 *(.eeprom*)
                0x00810000                        __eeprom_end = .

.fuse
 *(.fuse)
 *(.lfuse)
 *(.hfuse)
 *(.efuse)

.lock
 *(.lock*)

.signature
 *(.signature*)

.stab
 *(.stab)

.stabstr
 *(.stabstr)

.stab.excl
 *(.stab.excl)

.stab.exclstr
 *(.stab.exclstr)

.stab.index
 *(.stab.index)

.stab.indexstr
 *(.stab.indexstr)

.comment
 *(.comment)

.gnu.build.attributes
 *(.gnu.build.attributes .gnu.build.attributes.*)

.note.gnu.build-id
 *(.note.gnu.build-id)

.debug
 *(.debug)

.line
 *(.line)

.debug_srcinfo
 *(.debug_srcinfo)

.debug_sfnames
 *(.debug_sfnames)

.debug_aranges
 *(.debug_aranges)

.debug_pubnames
 *(.debug_pubnames)

.debug_info
 *(.debug_info .gnu.linkonce.wi.*)

.debug_abbrev
 *(.debug_abbrev)

.debug_line
 *(.debug_line .debug_line.* .debug_line_end)

.debug_frame
 *(.debug_frame)

.debug_str
 *(.debug_str)

.debug_loc
 *(.debug_loc)

.debug_macinfo
 *(.debug_macinfo)

.debug_weaknames
 *(.debug_weaknames)

.debug_funcnames
 *(.debug_funcnames)

.debug_typenames
 *(.debug_typenames)

.debug_varnames
 *(.debug_varnames)

.debug_pubtypes
 *(.debug_pubtypes)

.debug_ranges
 *(.debug_ranges)

.debug_addr
 *(.debug_addr)

.debug_line_str
 *(.debug_line_str)

.debug_loclists
 *(.debug_loclists)

.debug_macro
 *(.debug_macro)

.debug_names
 *(.debug_names)

.debug_rnglists
 *(.debug_rnglists)

.debug_str_offsets
 *(.debug_str_offsets)

.debug_sup
 *(.debug_sup)
OUTPUT(C:/Users/Brown/Documents/GitHub/avm/interp/build/interp.elf elf32-avr)
LOAD linker stubs
